---
source: crates/node-depman/tests/shims_test.rs
expression: "std::fs::read_to_string(sandbox.path().join(\".proto/shims\").join(if cfg!(windows)\n                    {\n                    format!(\"{}.cmd\", \"pnpm-test\")\n                } else { \"pnpm-test\".to_string() })).unwrap()"
---
#!/usr/bin/env bash
set -e
[ -n "$PROTO_DEBUG" ] && set -x


exec proto run pnpm-test --  "$@" 


