---
source: crates/node-depman/tests/shims_test.rs
expression: "std::fs::read_to_string(sandbox.path().join(\".proto/shims/registry.json\")).unwrap()"
---
{
  "yarn-test": {},
  "yarnpkg": {
    "alt_bin": true,
    "parent": "yarn-test"
  }
}
